// Jest Snapshot v1, https://goo.gl/fbAQLP

exports[`Render MoviesList 1`] = `
Array [
  <article
    className="small-movie-card catalog__movies-card"
    onFocus={[Function]}
  >
    <video
      height="175"
      muted={true}
      poster="img/fantastic.jpg"
      width="280"
    >
      <source
        src="https://download.trailer-480p.mp4"
        type="video/mp4"
      />
      <source
        src="https://Big_Buck_Bunny_Trailer_400p.ogv.360p.webm"
        type="video/webm"
      />
      Fantastic
    </video>
    <h3
      className="small-movie-card__title"
      onClick={[Function]}
    >
      <a
        className="small-movie-card__link"
        href="movie-page.html"
      >
        Fantastic
      </a>
    </h3>
  </article>,
  <article
    className="small-movie-card catalog__movies-card"
    onFocus={[Function]}
  >
    <video
      height="175"
      muted={true}
      poster="img/bohemian.jpg"
      width="280"
    >
      <source
        src="https://download.trailer-480p.mp4"
        type="video/mp4"
      />
      <source
        src="https://Big_Buck_Bunny_Trailer_400p.ogv.360p.webm"
        type="video/webm"
      />
      Bohemian
    </video>
    <h3
      className="small-movie-card__title"
      onClick={[Function]}
    >
      <a
        className="small-movie-card__link"
        href="movie-page.html"
      >
        Bohemian
      </a>
    </h3>
  </article>,
  <article
    className="small-movie-card catalog__movies-card"
    onFocus={[Function]}
  >
    <video
      height="175"
      muted={true}
      poster="img/macbeth.jpg"
      width="280"
    >
      <source
        src="https://download.trailer-480p.mp4"
        type="video/mp4"
      />
      <source
        src="https://Big_Buck_Bunny_Trailer_400p.ogv.360p.webm"
        type="video/webm"
      />
      Macbeth
    </video>
    <h3
      className="small-movie-card__title"
      onClick={[Function]}
    >
      <a
        className="small-movie-card__link"
        href="movie-page.html"
      >
        Macbeth
      </a>
    </h3>
  </article>,
  <article
    className="small-movie-card catalog__movies-card"
    onFocus={[Function]}
  >
    <video
      height="175"
      muted={true}
      poster="img/we-need-to.jpg"
      width="280"
    >
      <source
        src="https://download.trailer-480p.mp4"
        type="video/mp4"
      />
      <source
        src="https://Big_Buck_Bunny_Trailer_400p.ogv.360p.webm"
        type="video/webm"
      />
      We need to
    </video>
    <h3
      className="small-movie-card__title"
      onClick={[Function]}
    >
      <a
        className="small-movie-card__link"
        href="movie-page.html"
      >
        We need to
      </a>
    </h3>
  </article>,
]
`;
