// Jest Snapshot v1, https://goo.gl/fbAQLP

exports[`Render MoviesList 1`] = `
Array [
  <article
    className="small-movie-card catalog__movies-card"
    onFocus={[MockFunction]}
  >
    <button
      className="small-movie-card__play-btn"
      onClick={[MockFunction]}
      type="button"
    >
      Play
    </button>
    <div
      className="small-movie-card__image"
    >
      <img
        alt="Fantastic"
        height="175"
        src="img/fantastic.jpg"
        width="280"
      />
    </div>
    <h3
      className="small-movie-card__title"
      onClick={[MockFunction]}
    >
      <a
        className="small-movie-card__link"
        href="movie-page.html"
      >
        Fantastic
      </a>
    </h3>
  </article>,
  <article
    className="small-movie-card catalog__movies-card"
    onFocus={[MockFunction]}
  >
    <button
      className="small-movie-card__play-btn"
      onClick={[MockFunction]}
      type="button"
    >
      Play
    </button>
    <div
      className="small-movie-card__image"
    >
      <img
        alt="Bohemian"
        height="175"
        src="img/bohemian.jpg"
        width="280"
      />
    </div>
    <h3
      className="small-movie-card__title"
      onClick={[MockFunction]}
    >
      <a
        className="small-movie-card__link"
        href="movie-page.html"
      >
        Bohemian
      </a>
    </h3>
  </article>,
  <article
    className="small-movie-card catalog__movies-card"
    onFocus={[MockFunction]}
  >
    <button
      className="small-movie-card__play-btn"
      onClick={[MockFunction]}
      type="button"
    >
      Play
    </button>
    <div
      className="small-movie-card__image"
    >
      <img
        alt="Macbeth"
        height="175"
        src="img/macbeth.jpg"
        width="280"
      />
    </div>
    <h3
      className="small-movie-card__title"
      onClick={[MockFunction]}
    >
      <a
        className="small-movie-card__link"
        href="movie-page.html"
      >
        Macbeth
      </a>
    </h3>
  </article>,
  <article
    className="small-movie-card catalog__movies-card"
    onFocus={[MockFunction]}
  >
    <button
      className="small-movie-card__play-btn"
      onClick={[MockFunction]}
      type="button"
    >
      Play
    </button>
    <div
      className="small-movie-card__image"
    >
      <img
        alt="We need to"
        height="175"
        src="img/we-need-to.jpg"
        width="280"
      />
    </div>
    <h3
      className="small-movie-card__title"
      onClick={[MockFunction]}
    >
      <a
        className="small-movie-card__link"
        href="movie-page.html"
      >
        We need to
      </a>
    </h3>
  </article>,
]
`;
