// Jest Snapshot v1, https://goo.gl/fbAQLP

exports[`Render MovieCard 1`] = `
<article
  className="small-movie-card catalog__movies-card"
  onFocus={[Function]}
>
  <video
    height="175"
    muted={true}
    poster="img/bohemian.jpg"
    width="280"
  >
    <source
      src="https://download.trailer-480p.mp4"
      type="video/mp4"
    />
    <source
      src="https://Big_Buck_Bunny_Trailer_400p.ogv.360p.webm"
      type="video/webm"
    />
    Bohemian
  </video>
  <h3
    className="small-movie-card__title"
    onClick={[Function]}
  >
    <a
      className="small-movie-card__link"
      href="movie-page.html"
    >
      Bohemian
    </a>
  </h3>
</article>
`;
